2300 0.69 0.64 0.56 0.47 0.40 0.27 0.14 0.07 0.02 95.38
2350 0.70 0.65 0.57 0.48 0.41 0.27 0.14 0.07 0.02 95.85
2400 0.70 0.65 0.56 0.48 0.40 0.28 0.14 0.07 0.02 96.05
2450 0.70 0.65 0.57 0.48 0.40 0.27 0.14 0.07 0.02 95.58
2500 0.71 0.65 0.57 0.48 0.40 0.26 0.14 0.07 0.02 95.74
2550 0.71 0.65 0.57 0.48 0.40 0.28 0.14 0.07 0.02 95.87
2600 0.71 0.66 0.57 0.48 0.41 0.28 0.14 0.07 0.02 95.98
2650 0.70 0.65 0.57 0.48 0.40 0.27 0.14 0.07 0.02 96.17
2700 0.71 0.65 0.56 0.48 0.40 0.28 0.14 0.07 0.02 95.92
2750 0.69 0.65 0.56 0.47 0.40 0.27 0.14 0.07 0.02 96.09
2800 0.70 0.65 0.57 0.48 0.41 0.27 0.14 0.07 0.02 96.00
2850 0.71 0.65 0.57 0.48 0.40 0.28 0.14 0.07 0.02 95.98
2900 0.71 0.66 0.57 0.48 0.41 0.27 0.14 0.07 0.02 96.21
2950 0.70 0.65 0.57 0.48 0.40 0.27 0.14 0.07 0.02 95.96
3000 0.71 0.66 0.58 0.49 0.41 0.28 0.15 0.07 0.02 96.13
3050 0.72 0.67 0.58 0.49 0.41 0.28 0.14 0.07 0.02 96.20
3100 0.72 0.67 0.58 0.49 0.41 0.28 0.14 0.07 0.02 96.28
3150 0.70 0.65 0.57 0.48 0.40 0.27 0.14 0.07 0.02 96.06
3200 0.71 0.66 0.58 0.49 0.40 0.27 0.14 0.07 0.02 96.26
3250 0.72 0.66 0.58 0.49 0.41 0.29 0.14 0.08 0.02 96.30
3300 0.72 0.67 0.59 0.49 0.41 0.29 0.14 0.07 0.02 96.45
3350 0.71 0.65 0.57 0.48 0.40 0.28 0.14 0.08 0.02 96.07
3400 0.72 0.67 0.58 0.49 0.41 0.28 0.14 0.07 0.02 96.18
3450 0.72 0.67 0.58 0.49 0.42 0.28 0.14 0.08 0.02 96.40
3500 0.70 0.65 0.56 0.48 0.40 0.28 0.14 0.07 0.02 95.98
3550 0.72 0.67 0.58 0.49 0.41 0.28 0.14 0.07 0.02 96.40
3600 0.70 0.65 0.57 0.48 0.40 0.28 0.14 0.07 0.02 96.21
3650 0.71 0.66 0.58 0.49 0.41 0.28 0.15 0.07 0.02 96.27
3700 0.71 0.66 0.57 0.48 0.40 0.28 0.14 0.07 0.02 95.91
3750 0.73 0.67 0.59 0.50 0.42 0.29 0.14 0.07 0.02 96.45
3800 0.70 0.65 0.57 0.48 0.40 0.28 0.14 0.07 0.02 96.08
3850 0.70 0.65 0.57 0.48 0.40 0.27 0.14 0.07 0.02 95.68
3900 0.72 0.66 0.58 0.49 0.41 0.28 0.15 0.07 0.02 96.01
3950 0.70 0.65 0.56 0.47 0.40 0.27 0.13 0.07 0.02 95.88
4000 0.70 0.65 0.57 0.48 0.40 0.27 0.14 0.07 0.02 96.17
4050 0.70 0.65 0.56 0.48 0.40 0.28 0.14 0.07 0.02 96.09
4100 0.70 0.65 0.56 0.47 0.40 0.27 0.13 0.07 0.02 96.10
4150 0.70 0.65 0.57 0.48 0.40 0.28 0.14 0.07 0.02 96.34
4200 0.71 0.66 0.57 0.48 0.41 0.28 0.14 0.07 0.02 96.26
4250 0.72 0.67 0.58 0.49 0.41 0.27 0.14 0.07 0.02 96.17
4300 0.71 0.66 0.57 0.48 0.40 0.28 0.14 0.07 0.02 95.93
4350 0.73 0.67 0.59 0.49 0.41 0.28 0.14 0.07 0.02 96.49
4400 0.71 0.66 0.58 0.48 0.40 0.28 0.14 0.07 0.02 96.25
4450 0.72 0.67 0.58 0.49 0.41 0.28 0.14 0.07 0.02 96.55
4500 0.72 0.67 0.58 0.49 0.41 0.27 0.14 0.07 0.02 96.12
4550 0.72 0.67 0.58 0.49 0.41 0.28 0.14 0.07 0.02 96.14
4600 0.69 0.64 0.55 0.46 0.38 0.26 0.13 0.06 0.02 95.86
4650 0.71 0.65 0.57 0.47 0.40 0.27 0.14 0.07 0.02 96.14
4700 0.73 0.67 0.58 0.49 0.41 0.27 0.14 0.07 0.02 96.40
4750 0.73 0.67 0.59 0.49 0.41 0.28 0.14 0.07 0.02 96.32
4800 0.71 0.66 0.57 0.48 0.40 0.27 0.13 0.07 0.02 96.03
4850 0.71 0.66 0.57 0.48 0.40 0.27 0.14 0.07 0.02 96.22
4900 0.70 0.65 0.57 0.48 0.40 0.28 0.14 0.07 0.02 96.27
4950 0.71 0.66 0.57 0.48 0.40 0.27 0.13 0.07 0.02 96.12
5000 0.72 0.66 0.58 0.49 0.41 0.27 0.14 0.07 0.02 96.30
5050 0.71 0.66 0.58 0.49 0.40 0.27 0.14 0.07 0.02 96.37
5100 0.71 0.66 0.57 0.48 0.40 0.27 0.14 0.07 0.02 96.33
5150 0.72 0.67 0.58 0.49 0.42 0.28 0.14 0.07 0.02 96.55
5200 0.71 0.66 0.57 0.48 0.40 0.26 0.13 0.07 0.02 96.39
5250 0.72 0.66 0.57 0.47 0.40 0.26 0.13 0.06 0.02 96.45
5300 0.72 0.66 0.58 0.49 0.41 0.27 0.14 0.07 0.02 96.50
5350 0.71 0.65 0.57 0.48 0.40 0.27 0.13 0.07 0.02 96.36
5400 0.72 0.67 0.57 0.49 0.41 0.27 0.14 0.07 0.02 96.44
5450 0.71 0.65 0.57 0.48 0.40 0.27 0.13 0.07 0.02 96.23
5500 0.71 0.65 0.57 0.47 0.40 0.27 0.13 0.07 0.02 96.11
5550 0.72 0.66 0.57 0.48 0.40 0.26 0.13 0.06 0.02 96.16
5600 0.72 0.67 0.58 0.48 0.40 0.27 0.13 0.06 0.02 96.26
5650 0.71 0.66 0.57 0.48 0.40 0.27 0.13 0.07 0.02 96.38
5700 0.72 0.67 0.58 0.49 0.41 0.28 0.14 0.07 0.02 96.63
5750 0.72 0.66 0.57 0.48 0.41 0.27 0.13 0.07 0.02 96.41
5800 0.72 0.67 0.58 0.49 0.41 0.27 0.14 0.07 0.02 96.37
5850 0.72 0.66 0.58 0.48 0.40 0.27 0.13 0.06 0.02 96.40
5900 0.70 0.65 0.56 0.47 0.39 0.27 0.13 0.07 0.02 95.99
5950 0.71 0.66 0.57 0.48 0.40 0.27 0.13 0.07 0.02 96.34
6000 0.71 0.66 0.57 0.48 0.40 0.27 0.13 0.07 0.02 96.33
6050 0.71 0.65 0.57 0.48 0.40 0.27 0.13 0.07 0.02 96.11
6100 0.72 0.66 0.58 0.48 0.40 0.27 0.13 0.07 0.02 96.46
6150 0.70 0.65 0.57 0.47 0.39 0.26 0.13 0.07 0.02 96.41
6200 0.71 0.65 0.57 0.48 0.40 0.26 0.13 0.07 0.02 96.15
6250 0.71 0.65 0.56 0.47 0.39 0.27 0.13 0.06 0.02 96.28
6300 0.71 0.66 0.57 0.48 0.39 0.26 0.13 0.07 0.02 95.99
6350 0.70 0.65 0.57 0.49 0.40 0.27 0.13 0.07 0.02 96.23
6400 0.71 0.66 0.57 0.48 0.39 0.26 0.13 0.06 0.02 96.18
6450 0.72 0.66 0.57 0.49 0.39 0.26 0.13 0.06 0.02 96.22
6500 0.70 0.65 0.56 0.47 0.38 0.25 0.13 0.06 0.02 96.07
6550 0.71 0.66 0.57 0.47 0.39 0.26 0.13 0.06 0.02 96.37
6600 0.70 0.65 0.56 0.48 0.39 0.26 0.13 0.06 0.02 96.35
6650 0.70 0.65 0.55 0.46 0.38 0.26 0.13 0.06 0.02 96.10
6700 0.70 0.65 0.56 0.47 0.39 0.26 0.12 0.06 0.02 96.37
6750 0.70 0.65 0.57 0.48 0.39 0.27 0.13 0.07 0.02 96.26
6800 0.70 0.65 0.56 0.47 0.39 0.26 0.13 0.07 0.02 96.38
6850 0.70 0.65 0.57 0.48 0.39 0.26 0.13 0.07 0.02 95.87
6900 0.72 0.67 0.58 0.48 0.39 0.26 0.13 0.06 0.02 96.39
6950 0.71 0.65 0.56 0.47 0.38 0.25 0.13 0.07 0.02 96.24
7000 0.71 0.65 0.56 0.46 0.38 0.25 0.12 0.06 0.02 96.48
2300 0.69 0.63 0.54 0.46 0.39 0.27 0.15 0.07 0.02 95.66
2350 0.72 0.66 0.58 0.48 0.41 0.28 0.15 0.07 0.02 95.97
2400 0.70 0.65 0.57 0.47 0.40 0.28 0.15 0.07 0.02 96.09
2450 0.71 0.65 0.58 0.47 0.40 0.27 0.14 0.07 0.02 95.89
2500 0.71 0.66 0.57 0.48 0.40 0.27 0.14 0.07 0.02 95.95
2550 0.70 0.65 0.56 0.48 0.40 0.28 0.15 0.08 0.02 96.08
2600 0.70 0.65 0.57 0.48 0.40 0.28 0.15 0.07 0.02 95.93
2650 0.70 0.65 0.57 0.48 0.40 0.27 0.14 0.07 0.02 95.95
2700 0.71 0.65 0.57 0.48 0.40 0.28 0.15 0.07 0.02 95.96
2750 0.71 0.65 0.57 0.48 0.41 0.28 0.14 0.07 0.02 96.06
2800 0.71 0.66 0.58 0.48 0.41 0.27 0.14 0.07 0.02 96.21
2850 0.71 0.66 0.58 0.48 0.41 0.28 0.14 0.07 0.02 96.15
2900 0.72 0.66 0.58 0.49 0.40 0.27 0.14 0.07 0.02 96.28
2950 0.72 0.67 0.58 0.49 0.41 0.28 0.14 0.07 0.02 96.18
3000 0.73 0.67 0.58 0.49 0.41 0.28 0.15 0.07 0.02 96.22
3050 0.72 0.67 0.59 0.49 0.41 0.28 0.14 0.07 0.02 96.49
3100 0.72 0.67 0.59 0.49 0.41 0.28 0.14 0.07 0.02 96.38
3150 0.71 0.65 0.57 0.49 0.41 0.28 0.14 0.07 0.02 96.27
3200 0.72 0.66 0.58 0.49 0.40 0.27 0.14 0.07 0.02 96.28
3250 0.72 0.66 0.58 0.49 0.41 0.28 0.14 0.07 0.02 96.24
3300 0.71 0.65 0.58 0.48 0.41 0.28 0.15 0.08 0.02 96.33
3350 0.71 0.66 0.57 0.48 0.41 0.28 0.14 0.07 0.02 96.23
3400 0.72 0.67 0.59 0.49 0.42 0.28 0.14 0.07 0.02 95.97
3450 0.72 0.67 0.58 0.49 0.41 0.28 0.15 0.07 0.02 96.36
3500 0.70 0.65 0.57 0.48 0.41 0.27 0.14 0.07 0.02 95.77
3550 0.73 0.67 0.59 0.49 0.41 0.28 0.14 0.07 0.02 96.50
3600 0.71 0.66 0.57 0.48 0.41 0.28 0.14 0.07 0.02 96.22
3650 0.72 0.67 0.59 0.50 0.42 0.29 0.14 0.07 0.02 96.50
3700 0.71 0.66 0.57 0.48 0.40 0.28 0.14 0.07 0.02 96.36
3750 0.73 0.67 0.59 0.50 0.42 0.29 0.15 0.07 0.02 96.21
3800 0.72 0.66 0.58 0.49 0.41 0.27 0.14 0.07 0.02 96.22
3850 0.71 0.66 0.58 0.49 0.41 0.28 0.15 0.08 0.02 95.98
3900 0.73 0.67 0.59 0.49 0.42 0.28 0.15 0.07 0.02 96.27
3950 0.71 0.66 0.57 0.48 0.41 0.28 0.14 0.07 0.02 96.01
4000 0.71 0.65 0.58 0.48 0.41 0.28 0.14 0.07 0.02 96.21
4050 0.71 0.65 0.57 0.48 0.41 0.28 0.14 0.07 0.02 96.11
4100 0.71 0.66 0.58 0.48 0.41 0.28 0.14 0.07 0.02 96.23
4150 0.71 0.66 0.58 0.49 0.40 0.28 0.14 0.07 0.02 96.39
4200 0.72 0.67 0.58 0.49 0.40 0.27 0.14 0.07 0.02 96.28
4250 0.72 0.67 0.59 0.49 0.40 0.27 0.14 0.07 0.02 96.26
4300 0.71 0.66 0.57 0.48 0.40 0.27 0.14 0.07 0.02 96.13
4350 0.72 0.67 0.59 0.50 0.42 0.28 0.14 0.07 0.02 96.31
4400 0.72 0.67 0.58 0.48 0.40 0.27 0.14 0.07 0.02 96.26
4450 0.74 0.68 0.59 0.49 0.42 0.28 0.15 0.07 0.02 96.50
4500 0.73 0.67 0.59 0.50 0.41 0.28 0.14 0.07 0.02 96.14
4550 0.72 0.67 0.59 0.50 0.41 0.28 0.14 0.07 0.02 96.30
4600 0.70 0.64 0.56 0.47 0.39 0.26 0.14 0.07 0.02 95.83
4650 0.71 0.66 0.58 0.48 0.40 0.27 0.14 0.07 0.02 96.14
4700 0.72 0.66 0.58 0.49 0.40 0.27 0.14 0.07 0.02 96.26
4750 0.73 0.68 0.59 0.49 0.41 0.28 0.14 0.07 0.02 96.47
4800 0.71 0.66 0.57 0.48 0.40 0.27 0.14 0.07 0.02 96.05
4850 0.73 0.67 0.58 0.49 0.41 0.28 0.14 0.07 0.02 96.08
4900 0.72 0.66 0.58 0.49 0.41 0.28 0.14 0.07 0.02 96.03
4950 0.72 0.67 0.58 0.49 0.40 0.27 0.14 0.07 0.02 96.20
5000 0.72 0.66 0.59 0.49 0.41 0.28 0.14 0.07 0.02 96.20
5050 0.72 0.66 0.58 0.48 0.40 0.27 0.14 0.07 0.02 96.26
5100 0.72 0.67 0.58 0.49 0.41 0.28 0.14 0.07 0.02 96.37
5150 0.72 0.67 0.59 0.50 0.42 0.28 0.15 0.07 0.02 96.21
5200 0.72 0.67 0.58 0.48 0.40 0.26 0.13 0.07 0.02 96.24
5250 0.72 0.67 0.58 0.49 0.40 0.27 0.13 0.07 0.02 96.32
5300 0.71 0.65 0.57 0.48 0.40 0.27 0.14 0.07 0.02 96.48
5350 0.72 0.67 0.59 0.49 0.41 0.27 0.14 0.07 0.02 96.32
5400 0.72 0.67 0.58 0.49 0.41 0.27 0.14 0.06 0.02 96.37
5450 0.73 0.67 0.58 0.50 0.41 0.28 0.14 0.07 0.02 96.21
5500 0.72 0.67 0.58 0.49 0.40 0.27 0.14 0.06 0.02 96.32
5550 0.72 0.67 0.58 0.48 0.40 0.26 0.13 0.06 0.02 96.38
5600 0.73 0.67 0.59 0.50 0.41 0.27 0.14 0.07 0.02 96.26
5650 0.72 0.66 0.58 0.48 0.40 0.26 0.13 0.07 0.02 96.23
5700 0.72 0.67 0.58 0.49 0.41 0.27 0.14 0.07 0.02 96.60
5750 0.72 0.66 0.58 0.49 0.41 0.27 0.14 0.07 0.02 96.73
5800 0.72 0.66 0.58 0.49 0.40 0.27 0.14 0.07 0.02 96.50
5850 0.72 0.67 0.58 0.49 0.40 0.26 0.13 0.06 0.02 96.49
5900 0.72 0.66 0.58 0.49 0.41 0.27 0.14 0.07 0.02 96.25
5950 0.72 0.67 0.58 0.49 0.40 0.27 0.14 0.07 0.02 96.44
6000 0.71 0.66 0.57 0.48 0.39 0.26 0.13 0.06 0.02 96.33
6050 0.72 0.66 0.58 0.48 0.40 0.27 0.13 0.07 0.02 96.34
6100 0.71 0.65 0.57 0.49 0.40 0.27 0.14 0.07 0.02 96.29
6150 0.72 0.66 0.57 0.48 0.39 0.26 0.13 0.07 0.02 96.41
6200 0.72 0.66 0.58 0.49 0.40 0.27 0.14 0.07 0.02 96.27
6250 0.73 0.67 0.59 0.49 0.41 0.27 0.14 0.07 0.02 96.48
6300 0.71 0.65 0.56 0.47 0.39 0.26 0.13 0.06 0.02 96.61
6350 0.72 0.67 0.58 0.49 0.41 0.27 0.14 0.08 0.02 96.52
6400 0.72 0.66 0.58 0.49 0.40 0.27 0.13 0.06 0.02 96.23
6450 0.73 0.67 0.59 0.49 0.39 0.26 0.13 0.06 0.02 96.41
6500 0.70 0.65 0.57 0.48 0.39 0.26 0.13 0.07 0.02 96.28
6550 0.71 0.66 0.58 0.48 0.40 0.27 0.14 0.07 0.02 96.13
6600 0.71 0.66 0.58 0.48 0.40 0.26 0.13 0.07 0.02 96.46
6650 0.71 0.66 0.57 0.48 0.39 0.26 0.14 0.07 0.02 96.07
6700 0.71 0.66 0.57 0.47 0.39 0.26 0.13 0.06 0.02 96.57
6750 0.72 0.67 0.58 0.49 0.41 0.27 0.14 0.07 0.02 96.26
6800 0.73 0.67 0.59 0.50 0.41 0.27 0.14 0.07 0.02 96.55
6850 0.71 0.65 0.57 0.48 0.39 0.26 0.14 0.07 0.02 96.48
6900 0.73 0.67 0.59 0.50 0.40 0.27 0.14 0.06 0.02 96.54
6950 0.71 0.65 0.57 0.48 0.39 0.26 0.13 0.07 0.02 96.22
7000 0.72 0.66 0.58 0.48 0.39 0.25 0.13 0.06 0.02 96.56
